// Jest Snapshot v1, https://goo.gl/fbAQLP

exports[`ProductCard Component matches snapshot 1`] = `
<DocumentFragment>
  <div>
    <div
      class="product-card"
    >
      <h3>
        Test Product
      </h3>
      <p>
        Description of the product.
      </p>
      <p
        class="price"
      >
        Price: $99.99
      </p>
      <p>
        Quantity 10
      </p>
      <p
        class="buy-now"
      >
        Available buy now
      </p>
    </div>
  </div>
</DocumentFragment>
`;
